127.0.0.1 - - [09/Jun/2020:17:35:17 +0700] "GET / HTTP/1.1" 404 751
0:0:0:0:0:0:0:1 - - [09/Jun/2020:17:35:18 +0700] "GET /webmvc/WEB-INF/classes/Model/Student.java HTTP/1.1" 404 682
0:0:0:0:0:0:0:1 - - [09/Jun/2020:17:35:26 +0700] "GET /webmvc/WEB-INF/ HTTP/1.1" 404 682
0:0:0:0:0:0:0:1 - - [09/Jun/2020:17:35:38 +0700] "GET /webmvc/ HTTP/1.1" 200 57
0:0:0:0:0:0:0:1 - - [09/Jun/2020:17:35:52 +0700] "GET /webmvc/add-student HTTP/1.1" 200 677
127.0.0.1 - - [09/Jun/2020:20:07:21 +0700] "GET / HTTP/1.1" 404 751
0:0:0:0:0:0:0:1 - - [09/Jun/2020:20:07:21 +0700] "GET /webmvc/WEB-INF/views/viewstudent.jsp HTTP/1.1" 404 682
0:0:0:0:0:0:0:1 - - [09/Jun/2020:20:07:26 +0700] "GET /webmvc/WEB-INF/views/viewstudent.jsp HTTP/1.1" 404 682
0:0:0:0:0:0:0:1 - - [09/Jun/2020:20:07:32 +0700] "GET /webmvc/ HTTP/1.1" 200 57
0:0:0:0:0:0:0:1 - - [09/Jun/2020:20:07:46 +0700] "GET /webmvc/ HTTP/1.1" 200 57
0:0:0:0:0:0:0:1 - - [09/Jun/2020:20:07:46 +0700] "GET /favicon.ico HTTP/1.1" 404 762
0:0:0:0:0:0:0:1 - - [09/Jun/2020:20:07:55 +0700] "GET /webmvc/add-student HTTP/1.1" 200 677
0:0:0:0:0:0:0:1 - - [09/Jun/2020:20:08:04 +0700] "POST /webmvc/add-student HTTP/1.1" 200 349
127.0.0.1 - - [09/Jun/2020:20:09:13 +0700] "GET / HTTP/1.1" 404 751
0:0:0:0:0:0:0:1 - - [09/Jun/2020:20:09:17 +0700] "GET /webmvc/add-student HTTP/1.1" 200 677
0:0:0:0:0:0:0:1 - - [09/Jun/2020:20:09:39 +0700] "POST /webmvc/add-student HTTP/1.1" 200 325
127.0.0.1 - - [09/Jun/2020:20:13:56 +0700] "GET / HTTP/1.1" 404 751
0:0:0:0:0:0:0:1 - - [09/Jun/2020:20:13:57 +0700] "GET /webmvc/WEB-INF/classes/com/webmvc/controller/HelloWorldController.java HTTP/1.1" 404 682
0:0:0:0:0:0:0:1 - - [09/Jun/2020:20:14:01 +0700] "GET /webmvc/add-student HTTP/1.1" 200 677
0:0:0:0:0:0:0:1 - - [09/Jun/2020:20:14:07 +0700] "POST /webmvc/add-student HTTP/1.1" 200 325
127.0.0.1 - - [09/Jun/2020:20:21:42 +0700] "GET / HTTP/1.1" 404 751
0:0:0:0:0:0:0:1 - - [09/Jun/2020:20:21:49 +0700] "POST /webmvc/add-student HTTP/1.1" 200 325
0:0:0:0:0:0:0:1 - - [09/Jun/2020:20:21:52 +0700] "GET /webmvc/add-student HTTP/1.1" 200 677
0:0:0:0:0:0:0:1 - - [09/Jun/2020:20:21:57 +0700] "POST /webmvc/add-student HTTP/1.1" 200 322
127.0.0.1 - - [09/Jun/2020:20:24:28 +0700] "GET / HTTP/1.1" 404 751
0:0:0:0:0:0:0:1 - - [09/Jun/2020:20:24:33 +0700] "GET /webmvc/add-student HTTP/1.1" 200 677
0:0:0:0:0:0:0:1 - - [09/Jun/2020:20:24:38 +0700] "POST /webmvc/add-student HTTP/1.1" 200 325
0:0:0:0:0:0:0:1 - - [09/Jun/2020:20:25:00 +0700] "GET /webmvc/add-student HTTP/1.1" 200 677
0:0:0:0:0:0:0:1 - - [09/Jun/2020:20:25:10 +0700] "GET /webmvc/add-student HTTP/1.1" 200 677
0:0:0:0:0:0:0:1 - - [09/Jun/2020:20:25:10 +0700] "GET /favicon.ico HTTP/1.1" 404 762
0:0:0:0:0:0:0:1 - - [09/Jun/2020:20:25:13 +0700] "GET /webmvc/add-student HTTP/1.1" 200 677
0:0:0:0:0:0:0:1 - - [09/Jun/2020:20:25:13 +0700] "GET /favicon.ico HTTP/1.1" 404 762
0:0:0:0:0:0:0:1 - - [09/Jun/2020:20:25:19 +0700] "GET /webmvc/add-student HTTP/1.1" 200 677
0:0:0:0:0:0:0:1 - - [09/Jun/2020:20:25:19 +0700] "GET /favicon.ico HTTP/1.1" 404 762
0:0:0:0:0:0:0:1 - - [09/Jun/2020:20:25:25 +0700] "POST /webmvc/add-student HTTP/1.1" 200 325
127.0.0.1 - - [09/Jun/2020:20:26:23 +0700] "GET / HTTP/1.1" 404 751
0:0:0:0:0:0:0:1 - - [09/Jun/2020:20:26:27 +0700] "POST /webmvc/add-student HTTP/1.1" 200 325
0:0:0:0:0:0:0:1 - - [09/Jun/2020:20:26:30 +0700] "GET /webmvc/add-student HTTP/1.1" 200 677
0:0:0:0:0:0:0:1 - - [09/Jun/2020:20:26:47 +0700] "POST /webmvc/add-student HTTP/1.1" 200 325
127.0.0.1 - - [09/Jun/2020:21:03:26 +0700] "GET / HTTP/1.1" 404 751
0:0:0:0:0:0:0:1 - - [09/Jun/2020:21:03:37 +0700] "GET /webmvc/tinhtoan HTTP/1.1" 200 432
0:0:0:0:0:0:0:1 - - [09/Jun/2020:21:03:45 +0700] "POST /webmvc/tinhtoan HTTP/1.1" 200 156
127.0.0.1 - - [09/Jun/2020:21:04:17 +0700] "GET / HTTP/1.1" 404 751
0:0:0:0:0:0:0:1 - - [09/Jun/2020:21:04:20 +0700] "GET /webmvc/tinhtoan HTTP/1.1" 200 432
0:0:0:0:0:0:0:1 - - [09/Jun/2020:21:04:28 +0700] "POST /webmvc/tinhtoan HTTP/1.1" 500 5036
127.0.0.1 - - [09/Jun/2020:21:09:53 +0700] "GET / HTTP/1.1" 404 751
127.0.0.1 - - [09/Jun/2020:21:10:12 +0700] "GET / HTTP/1.1" 404 751
0:0:0:0:0:0:0:1 - - [09/Jun/2020:21:10:25 +0700] "GET /webmvc/tinh-toan HTTP/1.1" 200 439
127.0.0.1 - - [09/Jun/2020:21:13:10 +0700] "GET / HTTP/1.1" 404 751
0:0:0:0:0:0:0:1 - - [09/Jun/2020:21:13:16 +0700] "GET /webmvc/tinh-toan HTTP/1.1" 200 439
0:0:0:0:0:0:0:1 - - [09/Jun/2020:21:13:23 +0700] "POST /webmvc/tinh-toan HTTP/1.1" 405 750
127.0.0.1 - - [09/Jun/2020:21:14:50 +0700] "GET / HTTP/1.1" 404 751
0:0:0:0:0:0:0:1 - - [09/Jun/2020:21:14:54 +0700] "GET /webmvc/tinh-toan HTTP/1.1" 200 431
0:0:0:0:0:0:0:1 - - [09/Jun/2020:21:15:12 +0700] "POST /webmvc/tinh-toan HTTP/1.1" 200 141
0:0:0:0:0:0:0:1 - - [09/Jun/2020:21:15:43 +0700] "POST /webmvc/tinh-toan HTTP/1.1" 200 151
127.0.0.1 - - [09/Jun/2020:21:46:35 +0700] "GET / HTTP/1.1" 404 751
0:0:0:0:0:0:0:1 - - [09/Jun/2020:21:46:50 +0700] "GET /webmvc/student HTTP/1.1" 200 172
127.0.0.1 - - [09/Jun/2020:21:50:50 +0700] "GET / HTTP/1.1" 404 751
0:0:0:0:0:0:0:1 - - [09/Jun/2020:21:51:02 +0700] "GET /webmvc/student HTTP/1.1" 200 170
127.0.0.1 - - [09/Jun/2020:21:53:34 +0700] "GET / HTTP/1.1" 404 751
0:0:0:0:0:0:0:1 - - [09/Jun/2020:21:53:35 +0700] "GET /webmvc/WEB-INF/classes/com/webmvc/controller/HelloWorldController.java HTTP/1.1" 404 682
0:0:0:0:0:0:0:1 - - [09/Jun/2020:21:53:43 +0700] "GET /webmvc/student HTTP/1.1" 200 170
0:0:0:0:0:0:0:1 - - [09/Jun/2020:21:53:48 +0700] "GET /webmvc/student HTTP/1.1" 200 169
0:0:0:0:0:0:0:1 - - [09/Jun/2020:21:53:50 +0700] "GET /webmvc/student HTTP/1.1" 200 170
0:0:0:0:0:0:0:1 - - [09/Jun/2020:21:53:52 +0700] "GET /webmvc/student HTTP/1.1" 200 170
0:0:0:0:0:0:0:1 - - [09/Jun/2020:21:53:52 +0700] "GET /webmvc/student HTTP/1.1" 200 170
0:0:0:0:0:0:0:1 - - [09/Jun/2020:21:53:52 +0700] "GET /webmvc/student HTTP/1.1" 200 170
0:0:0:0:0:0:0:1 - - [09/Jun/2020:21:53:52 +0700] "GET /webmvc/student HTTP/1.1" 200 170
0:0:0:0:0:0:0:1 - - [09/Jun/2020:21:53:52 +0700] "GET /webmvc/student HTTP/1.1" 200 170
0:0:0:0:0:0:0:1 - - [09/Jun/2020:21:53:53 +0700] "GET /webmvc/student HTTP/1.1" 200 170
0:0:0:0:0:0:0:1 - - [09/Jun/2020:21:53:53 +0700] "GET /webmvc/student HTTP/1.1" 200 170
0:0:0:0:0:0:0:1 - - [09/Jun/2020:21:53:53 +0700] "GET /webmvc/student HTTP/1.1" 200 170
0:0:0:0:0:0:0:1 - - [09/Jun/2020:21:53:53 +0700] "GET /webmvc/student HTTP/1.1" 200 170
0:0:0:0:0:0:0:1 - - [09/Jun/2020:21:53:54 +0700] "GET /webmvc/student HTTP/1.1" 200 170
0:0:0:0:0:0:0:1 - - [09/Jun/2020:21:53:54 +0700] "GET /webmvc/student HTTP/1.1" 200 170
0:0:0:0:0:0:0:1 - - [09/Jun/2020:21:53:55 +0700] "GET /webmvc/student HTTP/1.1" 200 168
127.0.0.1 - - [09/Jun/2020:21:54:34 +0700] "GET / HTTP/1.1" 404 751
0:0:0:0:0:0:0:1 - - [09/Jun/2020:21:54:38 +0700] "GET /webmvc/student HTTP/1.1" 200 170
127.0.0.1 - - [09/Jun/2020:21:57:22 +0700] "GET / HTTP/1.1" 404 751
0:0:0:0:0:0:0:1 - - [09/Jun/2020:21:57:39 +0700] "GET /webmvc/student HTTP/1.1" 200 152
0:0:0:0:0:0:0:1 - - [09/Jun/2020:21:57:40 +0700] "GET /webmvc/student HTTP/1.1" 200 152
0:0:0:0:0:0:0:1 - - [09/Jun/2020:21:57:41 +0700] "GET /webmvc/student HTTP/1.1" 200 152
0:0:0:0:0:0:0:1 - - [09/Jun/2020:21:57:41 +0700] "GET /webmvc/student HTTP/1.1" 200 152
0:0:0:0:0:0:0:1 - - [09/Jun/2020:21:57:41 +0700] "GET /webmvc/student HTTP/1.1" 200 152
127.0.0.1 - - [09/Jun/2020:21:58:42 +0700] "GET / HTTP/1.1" 404 751
0:0:0:0:0:0:0:1 - - [09/Jun/2020:21:58:46 +0700] "GET /webmvc/student HTTP/1.1" 200 152
0:0:0:0:0:0:0:1 - - [09/Jun/2020:21:58:47 +0700] "GET /webmvc/student HTTP/1.1" 200 152
0:0:0:0:0:0:0:1 - - [09/Jun/2020:21:58:47 +0700] "GET /webmvc/student HTTP/1.1" 200 152
0:0:0:0:0:0:0:1 - - [09/Jun/2020:21:58:47 +0700] "GET /webmvc/student HTTP/1.1" 200 152
0:0:0:0:0:0:0:1 - - [09/Jun/2020:21:58:47 +0700] "GET /webmvc/student HTTP/1.1" 200 152
0:0:0:0:0:0:0:1 - - [09/Jun/2020:21:58:48 +0700] "GET /webmvc/student HTTP/1.1" 200 152
0:0:0:0:0:0:0:1 - - [09/Jun/2020:21:58:48 +0700] "GET /webmvc/student HTTP/1.1" 200 152
0:0:0:0:0:0:0:1 - - [09/Jun/2020:21:58:48 +0700] "GET /webmvc/student HTTP/1.1" 200 152
127.0.0.1 - - [09/Jun/2020:22:03:00 +0700] "GET / HTTP/1.1" 404 751
0:0:0:0:0:0:0:1 - - [09/Jun/2020:22:03:02 +0700] "GET /webmvc/student HTTP/1.1" 404 682
0:0:0:0:0:0:0:1 - - [09/Jun/2020:22:03:16 +0700] "GET /webmvc/students HTTP/1.1" 500 5152
127.0.0.1 - - [09/Jun/2020:22:04:11 +0700] "GET / HTTP/1.1" 404 751
0:0:0:0:0:0:0:1 - - [09/Jun/2020:22:04:16 +0700] "GET /webmvc/students HTTP/1.1" 500 5301
0:0:0:0:0:0:0:1 - - [09/Jun/2020:22:04:20 +0700] "GET /webmvc/students HTTP/1.1" 500 5301
0:0:0:0:0:0:0:1 - - [09/Jun/2020:22:04:21 +0700] "GET /webmvc/students HTTP/1.1" 500 5301
0:0:0:0:0:0:0:1 - - [09/Jun/2020:22:04:22 +0700] "GET /webmvc/students HTTP/1.1" 500 5301
0:0:0:0:0:0:0:1 - - [09/Jun/2020:22:04:22 +0700] "GET /webmvc/students HTTP/1.1" 500 5301
127.0.0.1 - - [09/Jun/2020:22:05:04 +0700] "GET / HTTP/1.1" 404 751
0:0:0:0:0:0:0:1 - - [09/Jun/2020:22:05:07 +0700] "GET /webmvc/students HTTP/1.1" 500 5291
127.0.0.1 - - [09/Jun/2020:22:06:37 +0700] "GET / HTTP/1.1" 404 751
0:0:0:0:0:0:0:1 - - [09/Jun/2020:22:06:41 +0700] "GET /webmvc/students HTTP/1.1" 200 177
